EN mux2to1 NULL C:/Users/Sachith-PC/Desktop/xi/PETC_test/mux_2to1.vhd sub00/vhpl10 1479348652
EN andwithclk NULL C:/Users/Sachith-PC/Desktop/xi/PETC_test/andwithclk.vhd sub00/vhpl02 1479348644
AR sixteenbitadder structural C:/Users/Sachith-PC/Desktop/xi/PETC_test/sixteenbitadder.vhd sub00/vhpl09 1479348651
EN instruction_memory NULL C:/Users/Sachith-PC/Desktop/xi/PETC_test/ROM.vhd sub00/vhpl16 1479348658
AR register_x behavioral C:/Users/Sachith-PC/Desktop/xi/PETC_test/registerX.vhd sub00/vhpl31 1479348673
AR xorwithclk behavioral C:/Users/Sachith-PC/Desktop/xi/PETC_test/xorwithclk.vhd sub00/vhpl01 1479348643
EN communication_register NULL C:/Users/Sachith-PC/Desktop/xi/PETC_test/Communication_register.vhd sub00/vhpl20 1479348662
EN notgate NULL C:/Users/Sachith-PC/Desktop/xi/PETC_test/notGate.vhd sub00/vhpl12 1479348654
EN control_unit NULL C:/Users/Sachith-PC/Desktop/xi/PETC_test/Control_Unit.vhd sub00/vhpl34 1479348676
AR notgate behavioral C:/Users/Sachith-PC/Desktop/xi/PETC_test/notGate.vhd sub00/vhpl13 1479348655
EN test_unit NULL C:/Users/Sachith-PC/Desktop/xi/PETC_test/test_unit.vhd sub00/vhpl36 1479348678
AR addsubunit structural C:/Users/Sachith-PC/Desktop/xi/PETC_test/addsubunit.vhd sub00/vhpl27 1479348669
AR test_unit structural C:/Users/Sachith-PC/Desktop/xi/PETC_test/test_unit.vhd sub00/vhpl37 1479348679
EN addsubunit NULL C:/Users/Sachith-PC/Desktop/xi/PETC_test/addsubunit.vhd sub00/vhpl26 1479348668
EN communication_demux NULL C:/Users/Sachith-PC/Desktop/xi/PETC_test/Communication_demux.vhd sub00/vhpl22 1479348664
AR mux2to1 behavioral C:/Users/Sachith-PC/Desktop/xi/PETC_test/mux_2to1.vhd sub00/vhpl11 1479348653
AR communication_demux behavioral C:/Users/Sachith-PC/Desktop/xi/PETC_test/Communication_demux.vhd sub00/vhpl23 1479348665
AR communication_register behavioral C:/Users/Sachith-PC/Desktop/xi/PETC_test/Communication_register.vhd sub00/vhpl21 1479348663
AR register_y behavioral C:/Users/Sachith-PC/Desktop/xi/PETC_test/registerY.vhd sub00/vhpl33 1479348675
EN sixteenbitadder NULL C:/Users/Sachith-PC/Desktop/xi/PETC_test/sixteenbitadder.vhd sub00/vhpl08 1479348650
AR program_counter behavioral C:/Users/Sachith-PC/Desktop/xi/PETC_test/PC.vhd sub00/vhpl15 1479348657
AR communication_mux behavioral C:/Users/Sachith-PC/Desktop/xi/PETC_test/Communication_MUX.vhd sub00/vhpl29 1479348671
EN orwithclk NULL C:/Users/Sachith-PC/Desktop/xi/PETC_test/orwithclk.vhd sub00/vhpl04 1479348646
EN communication_mux NULL C:/Users/Sachith-PC/Desktop/xi/PETC_test/Communication_MUX.vhd sub00/vhpl28 1479348670
AR orwithclk behavioral C:/Users/Sachith-PC/Desktop/xi/PETC_test/orwithclk.vhd sub00/vhpl05 1479348647
AR datawidth_conveter behavioral C:/Users/Sachith-PC/Desktop/xi/PETC_test/Datawidth_Conveter.vhd sub00/vhpl25 1479348667
AR instruction_register behavioral C:/Users/Sachith-PC/Desktop/xi/PETC_test/IR.vhd sub00/vhpl19 1479348661
AR andwithclk behavioral C:/Users/Sachith-PC/Desktop/xi/PETC_test/andwithclk.vhd sub00/vhpl03 1479348645
AR instruction_memory behavioral C:/Users/Sachith-PC/Desktop/xi/PETC_test/ROM.vhd sub00/vhpl17 1479348659
EN register_x NULL C:/Users/Sachith-PC/Desktop/xi/PETC_test/registerX.vhd sub00/vhpl30 1479348672
EN fulladderstructural NULL C:/Users/Sachith-PC/Desktop/xi/PETC_test/fulladder.vhd sub00/vhpl06 1479348648
EN register_y NULL C:/Users/Sachith-PC/Desktop/xi/PETC_test/registerY.vhd sub00/vhpl32 1479348674
EN program_counter NULL C:/Users/Sachith-PC/Desktop/xi/PETC_test/PC.vhd sub00/vhpl14 1479348656
EN datawidth_conveter NULL C:/Users/Sachith-PC/Desktop/xi/PETC_test/Datawidth_Conveter.vhd sub00/vhpl24 1479348666
EN xorwithclk NULL C:/Users/Sachith-PC/Desktop/xi/PETC_test/xorwithclk.vhd sub00/vhpl00 1479348642
AR control_unit behavioral C:/Users/Sachith-PC/Desktop/xi/PETC_test/Control_Unit.vhd sub00/vhpl35 1479348677
AR fulladderstructural structural C:/Users/Sachith-PC/Desktop/xi/PETC_test/fulladder.vhd sub00/vhpl07 1479348649
EN instruction_register NULL C:/Users/Sachith-PC/Desktop/xi/PETC_test/IR.vhd sub00/vhpl18 1479348660
